// Jest Snapshot v1, https://goo.gl/fbAQLP

exports[`serializer removes hash from files dest object 1`] = `
Object {
  "files": Object {
    "dest": Object {
      "absolute": Object {
        ".babelrc.js": "<PROJECT_ROOT>/.babelrc.js",
        "package.json": "<PROJECT_ROOT>/package.json",
      },
      "allowChanges": Object {
        ".babelrc.js": false,
        "package.json": false,
      },
      "files": Array [
        "package.json",
        ".babelrc.js",
      ],
      "ignoreUpdates": Object {
        ".babelrc.js": false,
        "package.json": false,
      },
    },
    "makeDirs": Array [
      "dist",
      "src",
    ],
    "src": Object {
      "absolute": Object {
        "src/__sandbox__/file1.js": "<PROJECT_ROOT>/src/__sandbox__/file1.js",
        "src/__sandbox__/file2.js": "<PROJECT_ROOT>/src/__sandbox__/file2.js",
      },
      "files": Array [
        "src/__sandbox__/file1.js",
        "src/__sandbox__/file2.js",
      ],
      "hash": Object {
        "src/__sandbox__/file1.js": "49598ea59816da0629609bb00775082fb21490af94fbcc8fbbbb120a6f5dc135",
        "src/__sandbox__/file2.js": "6cfc52d273559d0815ab3c56e1a1ad59b540948ddff9162991599c068d55e46a",
      },
    },
  },
  "packageJson": Array [
    Object {
      "outside": true,
    },
  ],
}
`;
